boilup_beer = 0.11087356828705144
boilup_rectif = 3.39535574441068
N_stages_beer = 9 feed_stage_beer = 1
N_stages_rectif = 11
sieve_ethanol_reject_frac = 0.25029432430035925
makeup_water_flow = 376.9098378290671

=== RESULTS ===
beer_mesh vapor out:
Stream: beer_mesh_vapor from <MESHDistillation: beer_mesh> to <MESHDistillation: rectif_mesh>
phase: 'g', T: 400.08 K, P: 303975 Pa
flow (kmol/hr): Water       1.28e+03
                Ethanol     337
                AceticAcid  4.59
                LacticAcid  0.0574

rectif_mesh vapor out:
Stream: rectif_mesh_vapor from <MESHDistillation: rectif_mesh> to <HXprocess: HX_sieve>
phase: 'g', T: 403.56 K, P: 303975 Pa
flow (kmol/hr): Water       3.59e+03
                Ethanol     437
                AceticAcid  2.58
                LacticAcid  4.94e-14

rectif_mesh bottoms:
Stream: rectif_mesh_bottoms from <MESHDistillation: rectif_mesh>
phase: 'l', T: 404.5 K, P: 303975 Pa
flow (kmol/hr): Water       1.3e+03
                Ethanol     9.76
                AceticAcid  2.02
                LacticAcid  0.0574

sieve_water_heated (should be ~100C):
MultiStream: sieve_water_heated from <HXprocess: HX_sieve>
phases: ('g', 'l'), T: 373.12 K, P: 101325 Pa
flow (kmol/hr): (g) Water  758
                (l) Water  3.02e+04

molecular_sieve product (final ethanol product):
Stream: sieve_product from <Splitter: molecular_sieve>
phase: 'l', T: 311.15 K, P: 303975 Pa
flow (kmol/hr): Ethanol     328
                AceticAcid  2.58
                LacticAcid  4.94e-14

molecular_sieve reject:
Stream: sieve_reject from <Splitter: molecular_sieve> to <Mixer: reflux_mixer>
phase: 'l', T: 311.15 K, P: 303975 Pa
flow (kmol/hr): Water    3.59e+03
                Ethanol  109

reflux_recycle (converged, should be ~71C, ~5332 kg/hr ethanol, ~2043 kg/hr water):
MultiStream: reflux_recycle from <HXutility: cooler_reflux> to <MESHDistillation: rectif_mesh>
phases: ('g', 'l'), T: 344.15 K, P: 303975 Pa
flow (kmol/hr): (l) Water    3.61e+03
                    Ethanol  109
  Ethanol kg/hr: 5043.203690797936
  Water kg/hr: 64972.341787731006

